// Vitest Snapshot v1, https://vitest.dev/guide/snapshot.html

exports[`MdiInvoiceMultiple snapshot 1`] = `
"<svg width="24" height="24" viewBox="0 0 24 24">
  <path d="M17 2H2V17H4V4H17V2M21 22L18.5 20.32L16 22L13.5 20.32L11 22L8.5 20.32L6 22V6H21V22Z" style="fill: currentColor;"></path>
</svg>"
`;
