// Vitest Snapshot v1, https://vitest.dev/guide/snapshot.html

exports[`MdiSeatIndividualSuite snapshot 1`] = `
"<svg width="24" height="24" viewBox="0 0 24 24">
  <path d="M7,13A3,3 0 0,0 10,10A3,3 0 0,0 7,7A3,3 0 0,0 4,10A3,3 0 0,0 7,13M19,7H11V14H3V7H1V17H23V11A4,4 0 0,0 19,7Z" style="fill: currentColor;"></path>
</svg>"
`;
